// Jest Snapshot v1, https://goo.gl/fbAQLP

exports[`VueSimpleIcon should render error if name is invalid 1`] = `"<svg width=\\"24\\" height=\\"24\\" viewBox=\\"0 0 24 24\\" xmlns=\\"http://www.w3.org/2000/svg\\"><title>Icon not found</title><circle cx=\\"12\\" cy=\\"12\\" r=\\"12\\" fill=\\"red\\"></circle><line x1=\\"12\\" y1=\\"20\\" x2=\\"12\\" y2=\\"20\\" stroke=\\"#fff\\" fill=\\"none\\" stroke-width=\\"2\\" stroke-linecap=\\"round\\" stroke-miterlimit=\\"10\\"></line><line x1=\\"12\\" y1=\\"5\\" x2=\\"12\\" y2=\\"15\\" stroke=\\"#fff\\" fill=\\"none\\" stroke-width=\\"2\\" stroke-linecap=\\"round\\" stroke-miterlimit=\\"10\\"></line></svg>"`;

exports[`VueSimpleIcon should use custom size for error if the icon has a custom size 1`] = `"<svg width=\\"48\\" height=\\"48\\" viewBox=\\"0 0 24 24\\" xmlns=\\"http://www.w3.org/2000/svg\\"><title>Icon not found</title><circle cx=\\"12\\" cy=\\"12\\" r=\\"12\\" fill=\\"red\\"></circle><line x1=\\"12\\" y1=\\"20\\" x2=\\"12\\" y2=\\"20\\" stroke=\\"#fff\\" fill=\\"none\\" stroke-width=\\"2\\" stroke-linecap=\\"round\\" stroke-miterlimit=\\"10\\"></line><line x1=\\"12\\" y1=\\"5\\" x2=\\"12\\" y2=\\"15\\" stroke=\\"#fff\\" fill=\\"none\\" stroke-width=\\"2\\" stroke-linecap=\\"round\\" stroke-miterlimit=\\"10\\"></line></svg>"`;
